Archive member included to satisfy reference by file (symbol)

c:/program files (x86)/atmel/studio/7.0/toolchain/avr8/avr8-gnu-toolchain/bin/../lib/gcc/avr/4.9.2/avr5\libgcc.a(_mulsi3.o)
                              WMath.o (__mulsi3)
c:/program files (x86)/atmel/studio/7.0/toolchain/avr8/avr8-gnu-toolchain/bin/../lib/gcc/avr/4.9.2/avr5\libgcc.a(_divmodhi4.o)
                              main.o (__divmodhi4)
c:/program files (x86)/atmel/studio/7.0/toolchain/avr8/avr8-gnu-toolchain/bin/../lib/gcc/avr/4.9.2/avr5\libgcc.a(_udivmodsi4.o)
                              HardwareSerial.o (__udivmodsi4)
c:/program files (x86)/atmel/studio/7.0/toolchain/avr8/avr8-gnu-toolchain/bin/../lib/gcc/avr/4.9.2/avr5\libgcc.a(_divmodsi4.o)
                              WMath.o (__divmodsi4)
c:/program files (x86)/atmel/studio/7.0/toolchain/avr8/avr8-gnu-toolchain/bin/../lib/gcc/avr/4.9.2/avr5\libgcc.a(_negsi2.o)
                              c:/program files (x86)/atmel/studio/7.0/toolchain/avr8/avr8-gnu-toolchain/bin/../lib/gcc/avr/4.9.2/avr5\libgcc.a(_divmodsi4.o) (__negsi2)
c:/program files (x86)/atmel/studio/7.0/toolchain/avr8/avr8-gnu-toolchain/bin/../lib/gcc/avr/4.9.2/avr5\libgcc.a(_exit.o)
                              C:/Program Files (x86)/Atmel/Studio/7.0/Packs/atmel/ATmega_DFP/1.0.106/gcc/dev/atmega328p/avr5/crtatmega328p.o (exit)
c:/program files (x86)/atmel/studio/7.0/toolchain/avr8/avr8-gnu-toolchain/bin/../lib/gcc/avr/4.9.2/avr5\libgcc.a(_copy_data.o)
                              HardwareSerial.o (__do_copy_data)
c:/program files (x86)/atmel/studio/7.0/toolchain/avr8/avr8-gnu-toolchain/bin/../lib/gcc/avr/4.9.2/avr5\libgcc.a(_clear_bss.o)
                              HardwareSerial0.o (__do_clear_bss)
c:/program files (x86)/atmel/studio/7.0/toolchain/avr8/avr8-gnu-toolchain/bin/../lib/gcc/avr/4.9.2/avr5\libgcc.a(_ctors.o)
                              HardwareSerial0.o (__do_global_ctors)
c:/program files (x86)/atmel/studio/7.0/toolchain/avr8/avr8-gnu-toolchain/bin/../lib/gcc/avr/4.9.2/avr5\libgcc.a(_dtors.o)
                              main.o (__do_global_dtors)
c:/program files (x86)/atmel/studio/7.0/toolchain/avr8/avr8-gnu-toolchain/bin/../lib/gcc/avr/4.9.2/avr5\libgcc.a(_usmulhisi3.o)
                              Timer1.o (__usmulhisi3)
c:/program files (x86)/atmel/studio/7.0/toolchain/avr8/avr8-gnu-toolchain/bin/../lib/gcc/avr/4.9.2/avr5\libgcc.a(_muluhisi3.o)
                              Tone.o (__muluhisi3)
c:/program files (x86)/atmel/studio/7.0/toolchain/avr8/avr8-gnu-toolchain/bin/../lib/gcc/avr/4.9.2/avr5\libgcc.a(_udivmodhi4.o)
                              c:/program files (x86)/atmel/studio/7.0/toolchain/avr8/avr8-gnu-toolchain/bin/../lib/gcc/avr/4.9.2/avr5\libgcc.a(_divmodhi4.o) (__udivmodhi4)
c:/program files (x86)/atmel/studio/7.0/toolchain/avr8/avr8-gnu-toolchain/bin/../lib/gcc/avr/4.9.2/avr5\libgcc.a(_tablejump2.o)
                              c:/program files (x86)/atmel/studio/7.0/toolchain/avr8/avr8-gnu-toolchain/bin/../lib/gcc/avr/4.9.2/avr5\libgcc.a(_ctors.o) (__tablejump2__)
c:/program files (x86)/atmel/studio/7.0/toolchain/avr8/avr8-gnu-toolchain/bin/../lib/gcc/avr/4.9.2/avr5\libgcc.a(_umulhisi3.o)
                              c:/program files (x86)/atmel/studio/7.0/toolchain/avr8/avr8-gnu-toolchain/bin/../lib/gcc/avr/4.9.2/avr5\libgcc.a(_usmulhisi3.o) (__umulhisi3)
c:/program files (x86)/atmel/studio/7.0/toolchain/avr8/avr8-gnu-toolchain/bin/../lib/gcc/avr/4.9.2/../../../../avr/lib/avr5\libm.a(addsf3.o)
                              PID_v1.o (__subsf3)
c:/program files (x86)/atmel/studio/7.0/toolchain/avr8/avr8-gnu-toolchain/bin/../lib/gcc/avr/4.9.2/../../../../avr/lib/avr5\libm.a(addsf3x.o)
                              c:/program files (x86)/atmel/studio/7.0/toolchain/avr8/avr8-gnu-toolchain/bin/../lib/gcc/avr/4.9.2/../../../../avr/lib/avr5\libm.a(addsf3.o) (__addsf3x)
c:/program files (x86)/atmel/studio/7.0/toolchain/avr8/avr8-gnu-toolchain/bin/../lib/gcc/avr/4.9.2/../../../../avr/lib/avr5\libm.a(cmpsf2.o)
                              PID_v1.o (__ltsf2)
c:/program files (x86)/atmel/studio/7.0/toolchain/avr8/avr8-gnu-toolchain/bin/../lib/gcc/avr/4.9.2/../../../../avr/lib/avr5\libm.a(divsf3.o)
                              PID_v1.o (__divsf3)
c:/program files (x86)/atmel/studio/7.0/toolchain/avr8/avr8-gnu-toolchain/bin/../lib/gcc/avr/4.9.2/../../../../avr/lib/avr5\libm.a(divsf3x.o)
                              c:/program files (x86)/atmel/studio/7.0/toolchain/avr8/avr8-gnu-toolchain/bin/../lib/gcc/avr/4.9.2/../../../../avr/lib/avr5\libm.a(divsf3.o) (__divsf3x)
c:/program files (x86)/atmel/studio/7.0/toolchain/avr8/avr8-gnu-toolchain/bin/../lib/gcc/avr/4.9.2/../../../../avr/lib/avr5\libm.a(fixsfsi.o)
                              main.o (__fixsfsi)
c:/program files (x86)/atmel/studio/7.0/toolchain/avr8/avr8-gnu-toolchain/bin/../lib/gcc/avr/4.9.2/../../../../avr/lib/avr5\libm.a(fixunssfsi.o)
                              Print.o (__fixunssfsi)
[...]
Memory Configuration

Name             Origin             Length             Attributes
text             0x00000000         0x00020000         xr
data             0x00800060         0x0000ffa0         rw !x
eeprom           0x00810000         0x00010000         rw !x
fuse             0x00820000         0x00000400         rw !x
lock             0x00830000         0x00000400         rw !x
signature        0x00840000         0x00000400         rw !x
user_signatures  0x00850000         0x00000400         rw !x
*default*        0x00000000         0xffffffff

Linker script and memory map

Address of section .data set to 0x800100
LOAD C:/Program Files (x86)/Atmel/Studio/7.0/Packs/atmel/ATmega_DFP/1.0.106/gcc/dev/atmega328p/avr5/crtatmega328p.o
LOAD abi.o
LOAD CDC.o
LOAD HardwareSerial.o
LOAD HardwareSerial0.o
LOAD HardwareSerial1.o
LOAD HardwareSerial2.o
LOAD HardwareSerial3.o
LOAD hooks.o
LOAD IPAddress.o
LOAD main.o
LOAD new.o
LOAD PID_v1.o
LOAD PluggableUSB.o
LOAD Print.o
LOAD Stream.o
LOAD Timer1.o
LOAD Tone.o
LOAD USBCore.o
LOAD WInterrupts.o
LOAD wiring.o
LOAD wiring_analog.o
LOAD wiring_digital.o
LOAD wiring_pulse.o
LOAD wiring_shift.o
LOAD WMath.o
LOAD WString.o
START GROUP
END GROUP
LOAD c:/program files (x86)/atmel/studio/7.0/toolchain/avr8/avr8-gnu-toolchain/bin/../lib/gcc/avr/4.9.2/avr5\libgcc.a
LOAD c:/program files (x86)/atmel/studio/7.0/toolchain/avr8/avr8-gnu-toolchain/bin/../lib/gcc/avr/4.9.2/../../../../avr/lib/avr5\libm.a
START GROUP
LOAD c:/program files (x86)/atmel/studio/7.0/toolchain/avr8/avr8-gnu-toolchain/bin/../lib/gcc/avr/4.9.2/avr5\libgcc.a
LOAD c:/program files (x86)/atmel/studio/7.0/toolchain/avr8/avr8-gnu-toolchain/bin/../lib/gcc/avr/4.9.2/../../../../avr/lib/avr5\libm.a
LOAD c:/program files (x86)/atmel/studio/7.0/toolchain/avr8/avr8-gnu-toolchain/bin/../lib/gcc/avr/4.9.2/../../../../avr/lib/avr5\libc.a
LOAD C:/Program Files (x86)/Atmel/Studio/7.0/Packs/atmel/ATmega_DFP/1.0.106/gcc/dev/atmega328p/avr5\libatmega328p.a
END GROUP
                0x00020000                __TEXT_REGION_LENGTH__ = DEFINED (__TEXT_REGION_LENGTH__)?__TEXT_REGION_LENGTH__:0x20000
                0x0000ffa0                __DATA_REGION_LENGTH__ = DEFINED (__DATA_REGION_LENGTH__)?__DATA_REGION_LENGTH__:0xffa0
                0x00010000                __EEPROM_REGION_LENGTH__ = DEFINED (__EEPROM_REGION_LENGTH__)?__EEPROM_REGION_LENGTH__:0x10000
                0x00000400                __FUSE_REGION_LENGTH__ = DEFINED (__FUSE_REGION_LENGTH__)?__FUSE_REGION_LENGTH__:0x400
                0x00000400                __LOCK_REGION_LENGTH__ = DEFINED (__LOCK_REGION_LENGTH__)?__LOCK_REGION_LENGTH__:0x400
                0x00000400                __SIGNATURE_REGION_LENGTH__ = DEFINED (__SIGNATURE_REGION_LENGTH__)?__SIGNATURE_REGION_LENGTH__:0x400
                0x00000400                __USER_SIGNATURE_REGION_LENGTH__ = DEFINED (__USER_SIGNATURE_REGION_LENGTH__)?__USER_SIGNATURE_REGION_LENGTH__:0x400

.hash
 *(.hash)

.dynsym
 *(.dynsym)

.dynstr
 *(.dynstr)

.gnu.version
 *(.gnu.version)

.gnu.version_d
 *(.gnu.version_d)

.gnu.version_r
 *(.gnu.version_r)

.rel.init
 *(.rel.init)

.rela.init
 *(.rela.init)

.rel.text
 *(.rel.text)
 *(.rel.text.*)
 *(.rel.gnu.linkonce.t*)

.rela.text
 *(.rela.text)
 *(.rela.text.*)
 *(.rela.gnu.linkonce.t*)

.rel.fini
 *(.rel.fini)

.rela.fini
 *(.rela.fini)

.rel.rodata
 *(.rel.rodata)
 *(.rel.rodata.*)
 *(.rel.gnu.linkonce.r*)

.rela.rodata
 *(.rela.rodata)
 *(.rela.rodata.*)
 *(.rela.gnu.linkonce.r*)

.rel.data
 *(.rel.data)
 *(.rel.data.*)
 *(.rel.gnu.linkonce.d*)

.rela.data
 *(.rela.data)
 *(.rela.data.*)
 *(.rela.gnu.linkonce.d*)

.rel.ctors
 *(.rel.ctors)

.rela.ctors
 *(.rela.ctors)

.rel.dtors
 *(.rel.dtors)

.rela.dtors
 *(.rela.dtors)

.rel.got
 *(.rel.got)

.rela.got
 *(.rela.got)

.rel.bss
 *(.rel.bss)

.rela.bss
 *(.rela.bss)

.rel.plt
 *(.rel.plt)

.rela.plt
 *(.rela.plt)

.text           0x00000000     0x2f9c
 *(.vectors)
 .vectors       0x00000000       0x68 C:/Program Files (x86)/Atmel/Studio/7.0/Packs/atmel/ATmega_DFP/1.0.106/gcc/dev/atmega328p/avr5/crtatmega328p.o
                0x00000000                __vector_default
                0x00000000                __vectors
 *(.vectors)
 *(.progmem.gcc*)
                0x00000068                . = ALIGN (0x2)
                0x00000068                __trampolines_start = .
 *(.trampolines)
 .trampolines   0x00000068        0x0 linker stubs
 *(.trampolines*)
                0x00000068                __trampolines_end = .
 *libprintf_flt.a:*(.progmem.data)
 *libc.a:*(.progmem.data)
 .progmem.data  0x00000068       0x3b c:/program files (x86)/atmel/studio/7.0/toolchain/avr8/avr8-gnu-toolchain/bin/../lib/gcc/avr/4.9.2/../../../../avr/lib/avr5\libc.a(strtod.o)
 *(.progmem*)
 .progmem.data._ZL21tone_pin_to_timer_PGM
                0x000000a3        0x1 Tone.o
 .progmem.data.digital_pin_to_timer_PGM
                0x000000a4       0x14 wiring_digital.o
                0x000000a4                digital_pin_to_timer_PGM
 .progmem.data.digital_pin_to_bit_mask_PGM
                0x000000b8       0x14 wiring_digital.o
                0x000000b8                digital_pin_to_bit_mask_PGM
 .progmem.data.digital_pin_to_port_PGM
                0x000000cc       0x14 wiring_digital.o
                0x000000cc                digital_pin_to_port_PGM
 .progmem.data.port_to_output_PGM
                0x000000e0        0xa wiring_digital.o
                0x000000e0                port_to_output_PGM
 .progmem.data.port_to_mode_PGM
                0x000000ea        0xa wiring_digital.o
                0x000000ea                port_to_mode_PGM
                0x000000f4                . = ALIGN (0x2)
 *(.jumptables)
 *(.jumptables*)
 *(.lowtext)
 *(.lowtext*)
                0x000000f4                __ctors_start = .
 *(.ctors)
 .ctors         0x000000f4        0x2 HardwareSerial0.o
 .ctors         0x000000f6        0x2 IPAddress.o
 .ctors         0x000000f8        0x2 main.o
                0x000000fa                __ctors_end = .
                0x000000fa                __dtors_start = .
 *(.dtors)
 .dtors         0x000000fa        0x2 main.o
                0x000000fc                __dtors_end = .
 SORT(*)(.ctors)
 SORT(*)(.dtors)
 *(.init0)
 .init0         0x000000fc        0x0 C:/Program Files (x86)/Atmel/Studio/7.0/Packs/atmel/ATmega_DFP/1.0.106/gcc/dev/atmega328p/avr5/crtatmega328p.o
                0x000000fc                __init
 *(.init0)
 *(.init1)
 *(.init1)
 *(.init2)
 .init2         0x000000fc        0xc C:/Program Files (x86)/Atmel/Studio/7.0/Packs/atmel/ATmega_DFP/1.0.106/gcc/dev/atmega328p/avr5/crtatmega328p.o
 *(.init2)
 *(.init3)
 *(.init3)
 *(.init4)
 .init4         0x00000108       0x16 c:/program files (x86)/atmel/studio/7.0/toolchain/avr8/avr8-gnu-toolchain/bin/../lib/gcc/avr/4.9.2/avr5\libgcc.a(_copy_data.o)
                0x00000108                __do_copy_data
 .init4         0x0000011e       0x10 c:/program files (x86)/atmel/studio/7.0/toolchain/avr8/avr8-gnu-toolchain/bin/../lib/gcc/avr/4.9.2/avr5\libgcc.a(_clear_bss.o)
                0x0000011e                __do_clear_bss
 *(.init4)
 *(.init5)
 *(.init5)
 *(.init6)
 .init6         0x0000012e       0x16 c:/program files (x86)/atmel/studio/7.0/toolchain/avr8/avr8-gnu-toolchain/bin/../lib/gcc/avr/4.9.2/avr5\libgcc.a(_ctors.o)
                0x0000012e                __do_global_ctors
 *(.init6)
 *(.init7)
 *(.init7)
 *(.init8)
 *(.init8)
 *(.init9)
 .init9         0x00000144        0x8 C:/Program Files (x86)/Atmel/Studio/7.0/Packs/atmel/ATmega_DFP/1.0.106/gcc/dev/atmega328p/avr5/crtatmega328p.o
 *(.init9)
 *(.text)
 .text          0x0000014c        0x4 C:/Program Files (x86)/Atmel/Studio/7.0/Packs/atmel/ATmega_DFP/1.0.106/gcc/dev/atmega328p/avr5/crtatmega328p.o
                0x0000014c                __vector_22
                0x0000014c                __vector_24
                0x0000014c                __vector_12
                0x0000014c                __bad_interrupt
                0x0000014c                __vector_6
                0x0000014c                __vector_3
                0x0000014c                __vector_23
                0x0000014c                __vector_25
                0x0000014c                __vector_13
                0x0000014c                __vector_17
                0x0000014c                __vector_5
                0x0000014c                __vector_4
                0x0000014c                __vector_9
                0x0000014c                __vector_21
                0x0000014c                __vector_15
                0x0000014c                __vector_8
                0x0000014c                __vector_14
                0x0000014c                __vector_10
                0x0000014c                __vector_20
                0x00000150                . = ALIGN (0x2)
 *(.text.*)
 .text._ZN14HardwareSerial9availableEv
                0x00000150       0x18 HardwareSerial.o
                0x00000150                _ZN14HardwareSerial9availableEv
 .text._ZN14HardwareSerial4peekEv
                0x00000168       0x1c HardwareSerial.o
                0x00000168                _ZN14HardwareSerial4peekEv
 .text._ZN14HardwareSerial4readEv
                0x00000184       0x28 HardwareSerial.o
                0x00000184                _ZN14HardwareSerial4readEv
 .text._ZN14HardwareSerial17availableForWriteEv
                0x000001ac       0x24 HardwareSerial.o
                0x000001ac                _ZN14HardwareSerial17availableForWriteEv
 .text._Z14serialEventRunv
                0x000001d0       0x1c HardwareSerial.o
                0x000001d0                _Z14serialEventRunv
 .text._ZN14HardwareSerial17_tx_udr_empty_irqEv
                0x000001ec       0x54 HardwareSerial.o
                0x000001ec                _ZN14HardwareSerial17_tx_udr_empty_irqEv
 .text._ZN14HardwareSerial5flushEv
                0x00000240       0x44 HardwareSerial.o
                0x00000240                _ZN14HardwareSerial5flushEv
 .text._ZN14HardwareSerial5writeEh
                0x00000284       0x9e HardwareSerial.o
                0x00000284                _ZN14HardwareSerial5writeEh
 .text._ZN14HardwareSerial5beginEmh
                0x00000322       0xd2 HardwareSerial.o
                0x00000322                _ZN14HardwareSerial5beginEmh
 .text.__vector_18
                0x000003f4       0x70 HardwareSerial0.o
                0x000003f4                __vector_18
 .text.__vector_19
                0x00000464       0x4c HardwareSerial0.o
                0x00000464                __vector_19
 .text._Z17Serial0_availablev
                0x000004b0       0x14 HardwareSerial0.o
                0x000004b0                _Z17Serial0_availablev
 .text._GLOBAL__sub_I___vector_18
                0x000004c4       0x5a HardwareSerial0.o
 .text._ZNK9IPAddress7printToER5Print
                0x0000051e       0x84 IPAddress.o
                0x0000051e                _ZNK9IPAddress7printToER5Print
 .text._GLOBAL__sub_I__ZN9IPAddressC2Ev
                0x000005a2       0x16 IPAddress.o
 .text._Z8increasev
                0x000005b8       0x14 main.o
                0x000005b8                _Z8increasev
 .text._Z13report_encodev
                0x000005cc       0xda main.o
                0x000005cc                _Z13report_encodev
 .text.initVariant
                0x000006a6        0x2 main.o
                0x000006a6                initVariant
 .text.setup    0x000006a8       0xa8 main.o
                0x000006a8                setup
 .text.loop     0x00000750       0xc2 main.o
                0x00000750                loop
 .text.main     0x00000812       0x1e main.o
                0x00000812                main
 .text._Z11serialEventv
                0x00000830      0x16c main.o
                0x00000830                _Z11serialEventv
 .text._GLOBAL__sub_I_Setpoint
                0x0000099c       0xaa main.o
 .text._GLOBAL__sub_D_Setpoint
                0x00000a46       0x22 main.o
 .text._ZN3PID7ComputeEv
                0x00000a68      0x2f8 PID_v1.o
                0x00000a68                _ZN3PID7ComputeEv
 .text._ZN3PID10SetTuningsEdddi
                0x00000d60      0x1ae PID_v1.o
                0x00000d60                _ZN3PID10SetTuningsEdddi
 .text._ZN3PID10SetTuningsEddd
                0x00000f0e       0x2c PID_v1.o
                0x00000f0e                _ZN3PID10SetTuningsEddd
 .text._ZN3PID10InitializeEv
                0x00000f3a       0x96 PID_v1.o
                0x00000f3a                _ZN3PID10InitializeEv
 .text._ZN3PID7SetModeEi
                0x00000fd0       0x30 PID_v1.o
                0x00000fd0                _ZN3PID7SetModeEi
 .text._ZN3PID22SetControllerDirectionEi
                0x00001000       0x78 PID_v1.o
                0x00001000                _ZN3PID22SetControllerDirectionEi
 .text._ZN3PIDC2EPdS0_S0_dddii
                0x00001078       0xe2 PID_v1.o
                0x00001078                _ZN3PIDC2EPdS0_S0_dddii
                0x00001078                _ZN3PIDC1EPdS0_S0_dddii
 .text._ZN3PIDC2EPdS0_S0_dddi
                0x0000115a       0x64 PID_v1.o
                0x0000115a                _ZN3PIDC2EPdS0_S0_dddi
                0x0000115a                _ZN3PIDC1EPdS0_S0_dddi
 .text._ZN5Print5writeEPKhj
                0x000011be       0x5e Print.o
                0x000011be                _ZN5Print5writeEPKhj
 .text._ZN5Print5printEPKc
                0x0000121c       0x2c Print.o
                0x0000121c                _ZN5Print5printEPKc
 .text._ZN5Print5printEc
                0x00001248       0x10 Print.o
                0x00001248                _ZN5Print5printEc
 .text._ZN5Print7printlnEv
                0x00001258       0x18 Print.o
                0x00001258                _ZN5Print7printlnEv
 .text._ZN5Print11printNumberEmh
                0x00001270       0xbe Print.o
                0x00001270                _ZN5Print11printNumberEmh
 .text._ZN5Print5printEli
                0x0000132e       0x78 Print.o
                0x0000132e                _ZN5Print5printEli
 .text._ZN5Print5printEii
                0x000013a6       0x10 Print.o
                0x000013a6                _ZN5Print5printEii
 .text._ZN5Print5printEmi
                0x000013b6       0x1e Print.o
                0x000013b6                _ZN5Print5printEmi
 .text._ZN5Print5printEhi
                0x000013d4       0x10 Print.o
                0x000013d4                _ZN5Print5printEhi
 .text._ZN5Print10printFloatEdh
                0x000013e4      0x212 Print.o
                0x000013e4                _ZN5Print10printFloatEdh
 .text._ZN5Print5printEdi
                0x000015f6        0x6 Print.o
                0x000015f6                _ZN5Print5printEdi
 .text._ZN5Print7printlnEdi
                0x000015fc       0x24 Print.o
                0x000015fc                _ZN5Print7printlnEdi
 .text._ZN6Stream9timedReadEv
                0x00001620       0x60 Stream.o
                0x00001620                _ZN6Stream9timedReadEv
 .text._ZN6Stream15readStringUntilEc
                0x00001680       0x54 Stream.o
                0x00001680                _ZN6Stream15readStringUntilEc
 .text._ZL7nothingv
                0x000016d4        0x2 Timer1.o
 .text._ZN6Timer116select_prescalerEi
                0x000016d6       0xfe Timer1.o
                0x000016d6                _ZN6Timer116select_prescalerEi
 .text._ZN6Timer1C2Ev
                0x000017d4       0x2a Timer1.o
                0x000017d4                _ZN6Timer1C1Ev
                0x000017d4                _ZN6Timer1C2Ev
 .text._ZN6Timer17setModeE6Stringi
                0x000017fe       0xdc Timer1.o
                0x000017fe                _ZN6Timer17setModeE6Stringi
 .text._ZN6Timer115attachInterruptEPFvvE
                0x000018da        0xa Timer1.o
                0x000018da                _ZN6Timer115attachInterruptEPFvvE
 .text._ZN6Timer1D2Ev
                0x000018e4        0x6 Timer1.o
                0x000018e4                _ZN6Timer1D1Ev
                0x000018e4                _ZN6Timer1D2Ev
 .text.__vector_11
                0x000018ea       0x4e Timer1.o
                0x000018ea                __vector_11
 .text._Z12disableTimerh
                0x00001938       0x40 Tone.o
                0x00001938                _Z12disableTimerh
 .text._Z6noToneh
                0x00001978       0x2c Tone.o
                0x00001978                _Z6noToneh
 .text.__vector_7
                0x000019a4       0xb8 Tone.o
                0x000019a4                __vector_7
 .text.nothing  0x00001a5c        0x2 WInterrupts.o
 .text.attachInterrupt
                0x00001a5e       0x46 WInterrupts.o
                0x00001a5e                attachInterrupt
 .text.__vector_1
                0x00001aa4       0x4e WInterrupts.o
                0x00001aa4                __vector_1
 .text.__vector_2
                0x00001af2       0x4e WInterrupts.o
                0x00001af2                __vector_2
 .text.__vector_16
                0x00001b40       0x94 wiring.o
                0x00001b40                __vector_16
 .text.millis   0x00001bd4       0x18 wiring.o
                0x00001bd4                millis
 .text.init     0x00001bec       0x76 wiring.o
                0x00001bec                init
 .text.analogRead
                0x00001c62       0x38 wiring_analog.o
                0x00001c62                analogRead
 .text.analogWrite
                0x00001c9a       0xd2 wiring_analog.o
                0x00001c9a                analogWrite
 .text.turnOffPWM
                0x00001d6c       0x5e wiring_digital.o
 .text.pinMode  0x00001dca       0x7e wiring_digital.o
                0x00001dca                pinMode
 .text.digitalWrite
                0x00001e48       0x62 wiring_digital.o
                0x00001e48                digitalWrite
 .text._ZN6StringD2Ev
                0x00001eaa        0xc WString.o
                0x00001eaa                _ZN6StringD2Ev
                0x00001eaa                _ZN6StringD1Ev
 .text._ZN6String10invalidateEv
                0x00001eb6       0x24 WString.o
                0x00001eb6                _ZN6String10invalidateEv
 .text._ZN6String12changeBufferEj
                0x00001eda       0x34 WString.o
                0x00001eda                _ZN6String12changeBufferEj
 .text._ZN6String7reserveEj
                0x00001f0e       0x40 WString.o
                0x00001f0e                _ZN6String7reserveEj
 .text._ZN6String4copyEPKcj
                0x00001f4e       0x42 WString.o
                0x00001f4e                _ZN6String4copyEPKcj
 .text._ZN6StringC2EPKc
                0x00001f90       0x2a WString.o
                0x00001f90                _ZN6StringC2EPKc
                0x00001f90                _ZN6StringC1EPKc
 .text._ZN6StringaSERKS_
                0x00001fba       0x2e WString.o
                0x00001fba                _ZN6StringaSERKS_
 .text._ZN6StringaSEPKc
                0x00001fe8       0x2e WString.o
                0x00001fe8                _ZN6StringaSEPKc
 .text._ZN6String6concatEPKcj
                0x00002016       0x60 WString.o
                0x00002016                _ZN6String6concatEPKcj
 .text._ZN6String6concatEc
                0x00002076       0x26 WString.o
                0x00002076                _ZN6String6concatEc
 .text._ZNK6String6equalsEPKc
                0x0000209c       0x54 WString.o
                0x0000209c                _ZNK6String6equalsEPKc
 .text._ZNK6String7indexOfERKS_j
                0x000020f0       0x40 WString.o
                0x000020f0                _ZNK6String7indexOfERKS_j
 .text._ZNK6String7indexOfERKS_
                0x00002130        0xa WString.o
                0x00002130                _ZNK6String7indexOfERKS_
 .text._ZNK6String9substringEjj
                0x0000213a       0x8c WString.o
                0x0000213a                _ZNK6String9substringEjj
 .text._ZN6String11toLowerCaseEv
                0x000021c6       0x28 WString.o
                0x000021c6                _ZN6String11toLowerCaseEv
 .text._ZN6String11toUpperCaseEv
                0x000021ee       0x28 WString.o
                0x000021ee                _ZN6String11toUpperCaseEv
 .text._ZNK6String8toDoubleEv
                0x00002216       0x18 WString.o
                0x00002216                _ZNK6String8toDoubleEv
 .text.libgcc.div
                0x0000222e       0x28 c:/program files (x86)/atmel/studio/7.0/toolchain/avr8/avr8-gnu-toolchain/bin/../lib/gcc/avr/4.9.2/avr5\libgcc.a(_divmodhi4.o)
                0x0000222e                _div
                0x0000222e                __divmodhi4
 .text.libgcc.div
                0x00002256       0x44 c:/program files (x86)/atmel/studio/7.0/toolchain/avr8/avr8-gnu-toolchain/bin/../lib/gcc/avr/4.9.2/avr5\libgcc.a(_udivmodsi4.o)
                0x00002256                __udivmodsi4
 .text.libgcc.mul
                0x0000229a        0xe c:/program files (x86)/atmel/studio/7.0/toolchain/avr8/avr8-gnu-toolchain/bin/../lib/gcc/avr/4.9.2/avr5\libgcc.a(_usmulhisi3.o)
                0x0000229a                __usmulhisi3
                0x0000229e                __usmulhisi3_tail
 .text.libgcc.mul
                0x000022a8       0x16 c:/program files (x86)/atmel/studio/7.0/toolchain/avr8/avr8-gnu-toolchain/bin/../lib/gcc/avr/4.9.2/avr5\libgcc.a(_muluhisi3.o)
                0x000022a8                __muluhisi3
 .text.libgcc.div
                0x000022be       0x28 c:/program files (x86)/atmel/studio/7.0/toolchain/avr8/avr8-gnu-toolchain/bin/../lib/gcc/avr/4.9.2/avr5\libgcc.a(_udivmodhi4.o)
                0x000022be                __udivmodhi4
 .text.libgcc   0x000022e6        0xc c:/program files (x86)/atmel/studio/7.0/toolchain/avr8/avr8-gnu-toolchain/bin/../lib/gcc/avr/4.9.2/avr5\libgcc.a(_tablejump2.o)
                0x000022e6                __tablejump2__
 .text.libgcc.mul
                0x000022f2       0x1e c:/program files (x86)/atmel/studio/7.0/toolchain/avr8/avr8-gnu-toolchain/bin/../lib/gcc/avr/4.9.2/avr5\libgcc.a(_umulhisi3.o)
                0x000022f2                __umulhisi3
 .text.avr-libc.fplib
                0x00002310        0xe c:/program files (x86)/atmel/studio/7.0/toolchain/avr8/avr8-gnu-toolchain/bin/../lib/gcc/avr/4.9.2/../../../../avr/lib/avr5\libm.a(addsf3.o)
                0x00002310                __subsf3
                0x00002312                __addsf3
 .text.avr-libc.fplib
                0x0000231e       0xcc c:/program files (x86)/atmel/studio/7.0/toolchain/avr8/avr8-gnu-toolchain/bin/../lib/gcc/avr/4.9.2/../../../../avr/lib/avr5\libm.a(addsf3x.o)
                0x00002340                __addsf3x
 .text.avr-libc.fplib
                0x000023ea        0xa c:/program files (x86)/atmel/studio/7.0/toolchain/avr8/avr8-gnu-toolchain/bin/../lib/gcc/avr/4.9.2/../../../../avr/lib/avr5\libm.a(cmpsf2.o)
                0x000023ea                __nesf2
                0x000023ea                __eqsf2
                0x000023ea                __cmpsf2
                0x000023ea                __ltsf2
                0x000023ea                __lesf2
 .text.avr-libc.fplib
                0x000023f4        0x8 c:/program files (x86)/atmel/studio/7.0/toolchain/avr8/avr8-gnu-toolchain/bin/../lib/gcc/avr/4.9.2/../../../../avr/lib/avr5\libm.a(divsf3.o)
                0x000023f4                __divsf3
 .text.avr-libc.fplib
                0x000023fc       0xdc c:/program files (x86)/atmel/studio/7.0/toolchain/avr8/avr8-gnu-toolchain/bin/../lib/gcc/avr/4.9.2/../../../../avr/lib/avr5\libm.a(divsf3x.o)
                0x0000241c                __divsf3x
                0x00002422                __divsf3_pse
 .text.avr-libc.fplib
                0x000024d8        0xe c:/program files (x86)/atmel/studio/7.0/toolchain/avr8/avr8-gnu-toolchain/bin/../lib/gcc/avr/4.9.2/../../../../avr/lib/avr5\libm.a(fixsfsi.o)
                0x000024d8                __fixsfsi
 .text.avr-libc.fplib
                0x000024e6       0x5e c:/program files (x86)/atmel/studio/7.0/toolchain/avr8/avr8-gnu-toolchain/bin/../lib/gcc/avr/4.9.2/../../../../avr/lib/avr5\libm.a(fixunssfsi.o)
                0x000024e6                __fixunssfsi
 .text.avr-libc.fplib
                0x00002544       0x7a c:/program files (x86)/atmel/studio/7.0/toolchain/avr8/avr8-gnu-toolchain/bin/../lib/gcc/avr/4.9.2/../../../../avr/lib/avr5\libm.a(floatsisf.o)
                0x00002544                __floatunsisf
                0x00002548                __floatsisf
 .text.avr-libc.fplib
                0x000025be       0x48 c:/program files (x86)/atmel/studio/7.0/toolchain/avr8/avr8-gnu-toolchain/bin/../lib/gcc/avr/4.9.2/../../../../avr/lib/avr5\libm.a(fp_cmp.o)
                0x000025be                __fp_cmp
 .text.avr-libc.fplib
                0x00002606        0xc c:/program files (x86)/atmel/studio/7.0/toolchain/avr8/avr8-gnu-toolchain/bin/../lib/gcc/avr/4.9.2/../../../../avr/lib/avr5\libm.a(fp_inf.o)
                0x00002606                __fp_inf
 .text.avr-libc.fplib
                0x00002612        0x6 c:/program files (x86)/atmel/studio/7.0/toolchain/avr8/avr8-gnu-toolchain/bin/../lib/gcc/avr/4.9.2/../../../../avr/lib/avr5\libm.a(fp_nan.o)
                0x00002612                __fp_nan
 .text.avr-libc.fplib
                0x00002618        0xe c:/program files (x86)/atmel/studio/7.0/toolchain/avr8/avr8-gnu-toolchain/bin/../lib/gcc/avr/4.9.2/../../../../avr/lib/avr5\libm.a(fp_pscA.o)
                0x00002618                __fp_pscA
 .text.avr-libc.fplib
                0x00002626        0xe c:/program files (x86)/atmel/studio/7.0/toolchain/avr8/avr8-gnu-toolchain/bin/../lib/gcc/avr/4.9.2/../../../../avr/lib/avr5\libm.a(fp_pscB.o)
                0x00002626                __fp_pscB
 .text.avr-libc.fplib
                0x00002634       0x22 c:/program files (x86)/atmel/studio/7.0/toolchain/avr8/avr8-gnu-toolchain/bin/../lib/gcc/avr/4.9.2/../../../../avr/lib/avr5\libm.a(fp_round.o)
                0x00002634                __fp_round
 .text.avr-libc.fplib
                0x00002656       0x44 c:/program files (x86)/atmel/studio/7.0/toolchain/avr8/avr8-gnu-toolchain/bin/../lib/gcc/avr/4.9.2/../../../../avr/lib/avr5\libm.a(fp_split3.o)
                0x00002656                __fp_split3
                0x00002666                __fp_splitA
 .text.avr-libc.fplib
                0x0000269a        0xe c:/program files (x86)/atmel/studio/7.0/toolchain/avr8/avr8-gnu-toolchain/bin/../lib/gcc/avr/4.9.2/../../../../avr/lib/avr5\libm.a(fp_zero.o)
                0x0000269a                __fp_zero
                0x0000269c                __fp_szero
 .text.avr-libc.fplib
                0x000026a8        0xa c:/program files (x86)/atmel/studio/7.0/toolchain/avr8/avr8-gnu-toolchain/bin/../lib/gcc/avr/4.9.2/../../../../avr/lib/avr5\libm.a(gesf2.o)
                0x000026a8                __gesf2
                0x000026a8                __gtsf2
 .text.avr-libc.fplib
                0x000026b2        0x8 c:/program files (x86)/atmel/studio/7.0/toolchain/avr8/avr8-gnu-toolchain/bin/../lib/gcc/avr/4.9.2/../../../../avr/lib/avr5\libm.a(mulsf3.o)
                0x000026b2                __mulsf3
 .text.avr-libc.fplib
                0x000026ba       0xd2 c:/program files (x86)/atmel/studio/7.0/toolchain/avr8/avr8-gnu-toolchain/bin/../lib/gcc/avr/4.9.2/../../../../avr/lib/avr5\libm.a(mulsf3x.o)
                0x000026d8                __mulsf3x
                0x000026de                __mulsf3_pse
 .text.avr-libc.fplib
                0x0000278c        0xa c:/program files (x86)/atmel/studio/7.0/toolchain/avr8/avr8-gnu-toolchain/bin/../lib/gcc/avr/4.9.2/../../../../avr/lib/avr5\libm.a(unordsf2.o)
                0x0000278c                __unordsf2
 .text.avr-libc
                0x00002796      0x25a c:/program files (x86)/atmel/studio/7.0/toolchain/avr8/avr8-gnu-toolchain/bin/../lib/gcc/avr/4.9.2/../../../../avr/lib/avr5\libc.a(malloc.o)
                0x00002796                malloc
                0x000028c0                free
 .text.avr-libc
                0x000029f0      0x194 c:/program files (x86)/atmel/studio/7.0/toolchain/avr8/avr8-gnu-toolchain/bin/../lib/gcc/avr/4.9.2/../../../../avr/lib/avr5\libc.a(realloc.o)
                0x000029f0                realloc
 .text.avr-libc
                0x00002b84        0x8 c:/program files (x86)/atmel/studio/7.0/toolchain/avr8/avr8-gnu-toolchain/bin/../lib/gcc/avr/4.9.2/../../../../avr/lib/avr5\libc.a(atof.o)
                0x00002b84                atof
 .text.avr-libc
                0x00002b8c       0x12 c:/program files (x86)/atmel/studio/7.0/toolchain/avr8/avr8-gnu-toolchain/bin/../lib/gcc/avr/4.9.2/../../../../avr/lib/avr5\libc.a(isspace.o)
                0x00002b8c                isspace
 .text.avr-libc
                0x00002b9e       0x10 c:/program files (x86)/atmel/studio/7.0/toolchain/avr8/avr8-gnu-toolchain/bin/../lib/gcc/avr/4.9.2/../../../../avr/lib/avr5\libc.a(tolower.o)
                0x00002b9e                tolower
 .text.avr-libc
                0x00002bae       0x10 c:/program files (x86)/atmel/studio/7.0/toolchain/avr8/avr8-gnu-toolchain/bin/../lib/gcc/avr/4.9.2/../../../../avr/lib/avr5\libc.a(toupper.o)
                0x00002bae                toupper
 .text.avr-libc
                0x00002bbe       0x12 c:/program files (x86)/atmel/studio/7.0/toolchain/avr8/avr8-gnu-toolchain/bin/../lib/gcc/avr/4.9.2/../../../../avr/lib/avr5\libc.a(memcpy.o)
                0x00002bbe                memcpy
 .text.avr-libc
                0x00002bd0       0x12 c:/program files (x86)/atmel/studio/7.0/toolchain/avr8/avr8-gnu-toolchain/bin/../lib/gcc/avr/4.9.2/../../../../avr/lib/avr5\libc.a(strcmp.o)
                0x00002bd0                strcmp
 .text.avr-libc
                0x00002be2        0xe c:/program files (x86)/atmel/studio/7.0/toolchain/avr8/avr8-gnu-toolchain/bin/../lib/gcc/avr/4.9.2/../../../../avr/lib/avr5\libc.a(strcpy.o)
                0x00002be2                strcpy
 .text.avr-libc
                0x00002bf0       0x34 c:/program files (x86)/atmel/studio/7.0/toolchain/avr8/avr8-gnu-toolchain/bin/../lib/gcc/avr/4.9.2/../../../../avr/lib/avr5\libc.a(strstr.o)
                0x00002bf0                strstr
 .text.avr-libc
                0x00002c24      0x2ba c:/program files (x86)/atmel/studio/7.0/toolchain/avr8/avr8-gnu-toolchain/bin/../lib/gcc/avr/4.9.2/../../../../avr/lib/avr5\libc.a(strtod.o)
                0x00002c24                strtod
 .text.avr-libc
                0x00002ede        0x6 c:/program files (x86)/atmel/studio/7.0/toolchain/avr8/avr8-gnu-toolchain/bin/../lib/gcc/avr/4.9.2/../../../../avr/lib/avr5\libc.a(cty_isfalse.o)
                0x00002ede                __ctype_isfalse
                0x00002ee2                __ctype_istrue
 .text.avr-libc
                0x00002ee4       0x30 c:/program files (x86)/atmel/studio/7.0/toolchain/avr8/avr8-gnu-toolchain/bin/../lib/gcc/avr/4.9.2/../../../../avr/lib/avr5\libc.a(strncasecmp_P.o)
                0x00002ee4                strncasecmp_P
 .text.libgcc.prologue
                0x00002f14       0x38 c:/program files (x86)/atmel/studio/7.0/toolchain/avr8/avr8-gnu-toolchain/bin/../lib/gcc/avr/4.9.2/avr5\libgcc.a(_prologue.o)
                0x00002f14                __prologue_saves__
 .text.libgcc.prologue
                0x00002f4c       0x36 c:/program files (x86)/atmel/studio/7.0/toolchain/avr8/avr8-gnu-toolchain/bin/../lib/gcc/avr/4.9.2/avr5\libgcc.a(_epilogue.o)
                0x00002f4c                __epilogue_restores__
                0x00002f82                . = ALIGN (0x2)
 *(.fini9)
 .fini9         0x00002f82        0x0 c:/program files (x86)/atmel/studio/7.0/toolchain/avr8/avr8-gnu-toolchain/bin/../lib/gcc/avr/4.9.2/avr5\libgcc.a(_exit.o)
                0x00002f82                _exit
                0x00002f82                exit
 *(.fini9)
 *(.fini8)
 *(.fini8)
 *(.fini7)
 *(.fini7)
 *(.fini6)
 .fini6         0x00002f82       0x16 c:/program files (x86)/atmel/studio/7.0/toolchain/avr8/avr8-gnu-toolchain/bin/../lib/gcc/avr/4.9.2/avr5\libgcc.a(_dtors.o)
                0x00002f82                __do_global_dtors
 *(.fini6)
 *(.fini5)
 *(.fini5)
 *(.fini4)
 *(.fini4)
 *(.fini3)
 *(.fini3)
 *(.fini2)
 *(.fini2)
 *(.fini1)
 *(.fini1)
 *(.fini0)
 .fini0         0x00002f98        0x4 c:/program files (x86)/atmel/studio/7.0/toolchain/avr8/avr8-gnu-toolchain/bin/../lib/gcc/avr/4.9.2/avr5\libgcc.a(_exit.o)
 *(.fini0)
                0x00002f9c                _etext = .

.data           0x00800100       0x62 load address 0x00002f9c
                0x00800100                PROVIDE (__data_start, .)
 *(.data)
 .data          0x00800100        0x6 c:/program files (x86)/atmel/studio/7.0/toolchain/avr8/avr8-gnu-toolchain/bin/../lib/gcc/avr/4.9.2/../../../../avr/lib/avr5\libc.a(malloc.o)
                0x00800100                __malloc_heap_end
                0x00800102                __malloc_heap_start
                0x00800104                __malloc_margin
 *(.data*)
 .data.consKd   0x00800106        0x4 main.o
                0x00800106                consKd
 .data.consKi   0x0080010a        0x4 main.o
                0x0080010a                consKi
 .data.consKp   0x0080010e        0x4 main.o
                0x0080010e                consKp
 .data._ZL8_intFunc
                0x00800112        0x2 Timer1.o
 .data._ZL9tone_pins
                0x00800114        0x1 Tone.o
 .data.intFunc  0x00800115        0x4 WInterrupts.o
 .data.analog_reference
                0x00800119        0x1 wiring_analog.o
                0x00800119                analog_reference
 *(.rodata)
 .rodata        0x0080011a        0xa Timer1.o
 *(.rodata*)
 .rodata._ZTV14HardwareSerial
                0x00800124       0x12 HardwareSerial.o
                0x00800124                _ZTV14HardwareSerial
 .rodata._ZTV9IPAddress
                0x00800136        0x6 IPAddress.o
                0x00800136                _ZTV9IPAddress
 .rodata.str1.1
                0x0080013c       0x16 main.o
                                 0x17 (size before relaxing)
 .rodata.str1.1
                0x00800152        0xf Print.o
 .rodata.str1.1
                0x00800161        0x1 Stream.o
 .rodata.str1.1
                0x00800161        0x5 Timer1.o
 .rodata.str1.1
                0x00800161        0x1 WString.o
 *(.gnu.linkonce.d*)
                0x00800166                . = ALIGN (0x2)
 *fill*         0x00800161        0x1 
                0x00800162                _edata = .
                0x00800162                PROVIDE (__data_end, .)

.bss            0x00800162      0x123
                0x00800162                PROVIDE (__bss_start, .)
 *(.bss)
 *(.bss*)
 .bss.Serial    0x00800162       0x9d HardwareSerial0.o
                0x00800162                Serial
 .bss._ZL11INADDR_NONE
                0x008001ff        0x6 IPAddress.o
 .bss.encode_num
                0x00800205        0x2 main.o
                0x00800205                encode_num
 .bss.MAX_encode_num
                0x00800207        0x2 main.o
                0x00800207                MAX_encode_num
 .bss.tc1       0x00800209        0xc main.o
                0x00800209                tc1
 .bss.myPID     0x00800215       0x3c main.o
                0x00800215                myPID
 .bss.kd        0x00800251        0x6 main.o
                0x00800251                kd
 .bss.ki        0x00800257        0x6 main.o
                0x00800257                ki
 .bss.kp        0x0080025d        0x6 main.o
                0x0080025d                kp
 .bss.Output    0x00800263        0x4 main.o
                0x00800263                Output
 .bss.Input     0x00800267        0x4 main.o
                0x00800267                Input
 .bss.Setpoint  0x0080026b        0x4 main.o
                0x0080026b                Setpoint
 .bss.timer2_pin_mask
                0x0080026f        0x1 Tone.o
                0x0080026f                timer2_pin_mask
 .bss.timer2_pin_port
                0x00800270        0x2 Tone.o
                0x00800270                timer2_pin_port
 .bss.timer2_toggle_count
                0x00800272        0x4 Tone.o
                0x00800272                timer2_toggle_count
 .bss.timer0_fract
                0x00800276        0x1 wiring.o
 .bss.timer0_millis
                0x00800277        0x4 wiring.o
                0x00800277                timer0_millis
 .bss.timer0_overflow_count
                0x0080027b        0x4 wiring.o
                0x0080027b                timer0_overflow_count
 *(COMMON)
 COMMON         0x0080027f        0x4 c:/program files (x86)/atmel/studio/7.0/toolchain/avr8/avr8-gnu-toolchain/bin/../lib/gcc/avr/4.9.2/../../../../avr/lib/avr5\libc.a(malloc.o)
                0x0080027f                __brkval
                0x00800281                __flp
 COMMON         0x00800283        0x2 c:/program files (x86)/atmel/studio/7.0/toolchain/avr8/avr8-gnu-toolchain/bin/../lib/gcc/avr/4.9.2/../../../../avr/lib/avr5\libc.a(errno.o)
                0x00800283                errno
                0x00800285                PROVIDE (__bss_end, .)
                0x00002f9c                __data_load_start = LOADADDR (.data)
                0x00002ffe                __data_load_end = (__data_load_start + SIZEOF (.data))

.noinit         0x00800285        0x0
                [!provide]                PROVIDE (__noinit_start, .)
 *(.noinit*)
                [!provide]                PROVIDE (__noinit_end, .)
                0x00800285                _end = .
                0x00800285                PROVIDE (__heap_start, .)

.eeprom         0x00810000        0x0
 *(.eeprom*)
                0x00810000                __eeprom_end = .

.fuse
 *(.fuse)
 *(.lfuse)
 *(.hfuse)
 *(.efuse)

.lock
 *(.lock*)

.signature
 *(.signature*)

.user_signatures
 *(.user_signatures*)

.stab
 *(.stab)

.stabstr
 *(.stabstr)

.stab.excl
 *(.stab.excl)

.stab.exclstr
 *(.stab.exclstr)

.stab.index
 *(.stab.index)

.stab.indexstr
 *(.stab.indexstr)

.comment        0x00000000       0x5c
 *(.comment)
 .comment       0x00000000       0x30 HardwareSerial.o
                                 0x31 (size before relaxing)
 .comment       0x00000030       0x31 HardwareSerial0.o
 .comment       0x00000030       0x31 IPAddress.o
 .comment       0x00000030       0x31 main.o
 .comment       0x00000030       0x31 PID_v1.o
 .comment       0x00000030       0x31 Print.o
 .comment       0x00000030       0x31 Stream.o
 .comment       0x00000030       0x31 Timer1.o
 .comment       0x00000030       0x31 Tone.o
 .comment       0x00000030       0x31 WInterrupts.o
 .comment       0x00000030       0x31 wiring.o
 .comment       0x00000030       0x31 wiring_analog.o
 .comment       0x00000030       0x31 wiring_digital.o
 .comment       0x00000030       0x31 WString.o
 .comment       0x00000030       0x31 c:/program files (x86)/atmel/studio/7.0/toolchain/avr8/avr8-gnu-toolchain/bin/../lib/gcc/avr/4.9.2/../../../../avr/lib/avr5\libc.a(malloc.o)
 .comment       0x00000030       0x31 c:/program files (x86)/atmel/studio/7.0/toolchain/avr8/avr8-gnu-toolchain/bin/../lib/gcc/avr/4.9.2/../../../../avr/lib/avr5\libc.a(realloc.o)
 .comment       0x00000030       0x31 c:/program files (x86)/atmel/studio/7.0/toolchain/avr8/avr8-gnu-toolchain/bin/../lib/gcc/avr/4.9.2/../../../../avr/lib/avr5\libc.a(strtod.o)
 .comment       0x00000030       0x2c c:/program files (x86)/atmel/studio/7.0/toolchain/avr8/avr8-gnu-toolchain/bin/../lib/gcc/avr/4.9.2/../../../../avr/lib/avr5\libc.a(errno.o)
                                 0x2d (size before relaxing)

.note.gnu.avr.deviceinfo
                0x00000000       0x40
 .note.gnu.avr.deviceinfo
                0x00000000       0x40 C:/Program Files (x86)/Atmel/Studio/7.0/Packs/atmel/ATmega_DFP/1.0.106/gcc/dev/atmega328p/avr5/crtatmega328p.o

.note.gnu.build-id
 *(.note.gnu.build-id)

.debug
 *(.debug)

.line
 *(.line)

.debug_srcinfo
 *(.debug_srcinfo)

.debug_sfnames
 *(.debug_sfnames)

.debug_aranges  0x00000000      0x7b0
 *(.debug_aranges)
 .debug_aranges
                0x00000000       0x68 HardwareSerial.o
 .debug_aranges
                0x00000068       0x48 HardwareSerial0.o
 .debug_aranges
                0x000000b0       0x68 IPAddress.o
 .debug_aranges
                0x00000118       0x70 main.o
 .debug_aranges
                0x00000188       0x90 PID_v1.o
 .debug_aranges
                0x00000218       0xf8 Print.o
 .debug_aranges
                0x00000310       0x90 Stream.o
 .debug_aranges
                0x000003a0       0x60 Timer1.o
 .debug_aranges
                0x00000400       0x38 Tone.o
 .debug_aranges
                0x00000438       0x40 WInterrupts.o
 .debug_aranges
                0x00000478       0x48 wiring.o
 .debug_aranges
                0x000004c0       0x30 wiring_analog.o
 .debug_aranges
                0x000004f0       0x38 wiring_digital.o
 .debug_aranges
                0x00000528      0x288 WString.o

.debug_pubnames
 *(.debug_pubnames)

.debug_info     0x00000000    0x12e42
 *(.debug_info .gnu.linkonce.wi.*)
 .debug_info    0x00000000     0x1b3f HardwareSerial.o
 .debug_info    0x00001b3f     0x189e HardwareSerial0.o
 .debug_info    0x000033dd     0x1848 IPAddress.o
 .debug_info    0x00004c25     0x2580 main.o
 .debug_info    0x000071a5      0xbcb PID_v1.o
 .debug_info    0x00007d70     0x26f0 Print.o
 .debug_info    0x0000a460     0x1e42 Stream.o
 .debug_info    0x0000c2a2     0x1568 Timer1.o
 .debug_info    0x0000d80a      0x75b Tone.o
 .debug_info    0x0000df65      0x217 WInterrupts.o
 .debug_info    0x0000e17c      0x2cf wiring.o
 .debug_info    0x0000e44b      0x2d1 wiring_analog.o
 .debug_info    0x0000e71c      0x5d6 wiring_digital.o
 .debug_info    0x0000ecf2     0x4150 WString.o

.debug_abbrev   0x00000000     0x2acb
 *(.debug_abbrev)
 .debug_abbrev  0x00000000      0x3a9 HardwareSerial.o
 .debug_abbrev  0x000003a9      0x3a8 HardwareSerial0.o
 .debug_abbrev  0x00000751      0x43b IPAddress.o
 .debug_abbrev  0x00000b8c      0x50a main.o
 .debug_abbrev  0x00001096      0x299 PID_v1.o
 .debug_abbrev  0x0000132f      0x3f1 Print.o
 .debug_abbrev  0x00001720      0x3f5 Stream.o
 .debug_abbrev  0x00001b15      0x38e Timer1.o
 .debug_abbrev  0x00001ea3      0x279 Tone.o
 .debug_abbrev  0x0000211c       0xfc WInterrupts.o
 .debug_abbrev  0x00002218      0x145 wiring.o
 .debug_abbrev  0x0000235d      0x190 wiring_analog.o
 .debug_abbrev  0x000024ed      0x149 wiring_digital.o
 .debug_abbrev  0x00002636      0x495 WString.o

.debug_line     0x00000000     0x3f6a
 *(.debug_line .debug_line.* .debug_line_end)
 .debug_line    0x00000000      0x41a HardwareSerial.o
 .debug_line    0x0000041a      0x258 HardwareSerial0.o
 .debug_line    0x00000672      0x348 IPAddress.o
 .debug_line    0x000009ba      0x3bf main.o
 .debug_line    0x00000d79      0x474 PID_v1.o
 .debug_line    0x000011ed      0x6b5 Print.o
 .debug_line    0x000018a2      0x614 Stream.o
 .debug_line    0x00001eb6      0x2c5 Timer1.o
 .debug_line    0x0000217b      0x3da Tone.o
 .debug_line    0x00002555      0x16c WInterrupts.o
 .debug_line    0x000026c1      0x273 wiring.o
 .debug_line    0x00002934      0x1d3 wiring_analog.o
 .debug_line    0x00002b07      0x22e wiring_digital.o
 .debug_line    0x00002d35     0x1235 WString.o

.debug_frame    0x00000000     0x1d78
 *(.debug_frame)
 .debug_frame   0x00000000      0x110 HardwareSerial.o
 .debug_frame   0x00000110       0xec HardwareSerial0.o
 .debug_frame   0x000001fc      0x108 IPAddress.o
 .debug_frame   0x00000304      0x164 main.o
 .debug_frame   0x00000468      0x36c PID_v1.o
 .debug_frame   0x000007d4      0x3ac Print.o
 .debug_frame   0x00000b80      0x308 Stream.o
 .debug_frame   0x00000e88      0x1a0 Timer1.o
 .debug_frame   0x00001028      0x100 Tone.o
 .debug_frame   0x00001128       0xf4 WInterrupts.o
 .debug_frame   0x0000121c       0xc4 wiring.o
 .debug_frame   0x000012e0       0x54 wiring_analog.o
 .debug_frame   0x00001334       0x7c wiring_digital.o
 .debug_frame   0x000013b0      0x9c8 WString.o

.debug_str      0x00000000     0x261b
 *(.debug_str)
 .debug_str     0x00000000     0x11f0 HardwareSerial.o
                               0x1284 (size before relaxing)
 .debug_str     0x000011f0       0xb5 HardwareSerial0.o
                               0x10c7 (size before relaxing)
 .debug_str     0x000012a5      0x2ac IPAddress.o
                                0xe54 (size before relaxing)
 .debug_str     0x00001551      0x474 main.o
                               0x1477 (size before relaxing)
 .debug_str     0x000019c5       0x8a PID_v1.o
                                0x4e7 (size before relaxing)
 .debug_str     0x00001a4f      0x31d Print.o
                                0xf35 (size before relaxing)
 .debug_str     0x00001d6c       0x96 Stream.o
                                0xf8e (size before relaxing)
 .debug_str     0x00001e02       0xad Timer1.o
                                0xc90 (size before relaxing)
 .debug_str     0x00001eaf      0x194 Tone.o
                                0x3d7 (size before relaxing)
 .debug_str     0x00002043       0xf5 WInterrupts.o
                                0x1f3 (size before relaxing)
 .debug_str     0x00002138       0x7e wiring.o
                                0x206 (size before relaxing)
 .debug_str     0x000021b6       0x54 wiring_analog.o
                                0x20a (size before relaxing)
 .debug_str     0x0000220a       0x50 wiring_digital.o
                                0x26b (size before relaxing)
 .debug_str     0x0000225a      0x3c1 WString.o
                                0xec4 (size before relaxing)

.debug_loc      0x00000000     0xae46
 *(.debug_loc)
 .debug_loc     0x00000000      0x484 HardwareSerial.o
 .debug_loc     0x00000484      0x1a1 HardwareSerial0.o
 .debug_loc     0x00000625      0x41b IPAddress.o
 .debug_loc     0x00000a40      0x292 main.o
 .debug_loc     0x00000cd2      0xfa2 PID_v1.o
 .debug_loc     0x00001c74     0x1d88 Print.o
 .debug_loc     0x000039fc     0x1421 Stream.o
 .debug_loc     0x00004e1d      0x695 Timer1.o
 .debug_loc     0x000054b2      0xb57 Tone.o
 .debug_loc     0x00006009      0x235 WInterrupts.o
 .debug_loc     0x0000623e      0x24a wiring.o
 .debug_loc     0x00006488      0x106 wiring_analog.o
 .debug_loc     0x0000658e      0x5c4 wiring_digital.o
 .debug_loc     0x00006b52     0x42f4 WString.o

.debug_macinfo
 *(.debug_macinfo)

.debug_weaknames
 *(.debug_weaknames)

.debug_funcnames
 *(.debug_funcnames)

.debug_typenames
 *(.debug_typenames)

.debug_varnames
 *(.debug_varnames)

.debug_pubtypes
 *(.debug_pubtypes)

.debug_ranges   0x00000000      0x7e0
 *(.debug_ranges)
 .debug_ranges  0x00000000       0x58 HardwareSerial.o
 .debug_ranges  0x00000058       0x38 HardwareSerial0.o
 .debug_ranges  0x00000090       0x78 IPAddress.o
 .debug_ranges  0x00000108       0x78 main.o
 .debug_ranges  0x00000180       0x80 PID_v1.o
 .debug_ranges  0x00000200      0x100 Print.o
 .debug_ranges  0x00000300       0xe0 Stream.o
 .debug_ranges  0x000003e0       0x50 Timer1.o
 .debug_ranges  0x00000430       0x58 Tone.o
 .debug_ranges  0x00000488       0x30 WInterrupts.o
 .debug_ranges  0x000004b8       0x38 wiring.o
 .debug_ranges  0x000004f0       0x20 wiring_analog.o
 .debug_ranges  0x00000510       0x28 wiring_digital.o
 .debug_ranges  0x00000538      0x2a8 WString.o

.debug_macro
 *(.debug_macro)
OUTPUT(GccApplication84.elf elf32-avr)
LOAD linker stubs
